thanhcd3,Engineering.Scooter,Designer
nambv1,Engineering.Scooter,Designer
khanhtv6,Engineering.Scooter,Designer
vf.head.eed,Engineering.Scooter,Manager
muoidn,Engineering.Scooter,Designer
stanislavsn,Engineering.Scooter,Executive
hienlx3,Engineering.Scooter,Engineer
quanns1,Engineering.Scooter,Designer
longnn3,Engineering.Scooter,Designer
doanpv3,Engineering.Scooter,Designer
khangnv1,Engineering.Scooter,Executive
tucn1,Engineering.Scooter,Designer
minhnt47,Engineering.Scooter,Engineer
nhatht,Engineering.Scooter,Manager
sangnt2,Engineering.Scooter,Designer
ngocnd3,Engineering.Scooter,Designer
thuongnv7,Engineering.Scooter,Designer
minhpv13,Engineering.Scooter,Designer
tuannv51,Engineering.Scooter,Designer
giaplv1,Engineering.Scooter,Designer
simons,Engineering.Scooter,Designer
thiendb5,Engineering.Scooter,Designer
duydv7,Engineering.Scooter,Designer
admin.bang,Engineering.Scooter,Engineer
hoangnd7,Engineering.Scooter,Designer
sondn3,Engineering.Scooter,Designer
trangnt156,Engineering.Scooter,Designer
ducha7,Engineering.Scooter,Designer
tannh7,Engineering.Scooter,Designer
tientn2,Engineering.Scooter,Designer
hungth2,Engineering.Scooter,Designer
chungtv4,Engineering.Scooter,Designer
alexeyvv,Engineering.Scooter,Engineer
tuannt40,Engineering.Scooter,Designer
khanhdn6,Engineering.Scooter,Designer
huandd,Engineering.Scooter,Designer
daotla2,Engineering.Scooter,Designer
tiepnv5,Engineering.Scooter,Designer
binhnv22,Engineering.Scooter,Designer
itvalidation,Engineering.Scooter,Engineer
huyhv2,Engineering.Scooter,Designer
thanhpt40,Engineering.Scooter,Engineer
hoangnd6,Engineering.Scooter,Designer
toanpt2,Engineering.Scooter,Executive
hainv21,Engineering.Scooter,Executive
anhhtl5,Engineering.Scooter,Designer
tamlh3,Engineering.Scooter,Manager
hieptd1,Engineering.Scooter,Manager
hoaiht5,Engineering.Scooter,Designer
dinhhp,Engineering.Scooter,Designer
toandh3,Engineering.Scooter,Designer
hoangta1,Engineering.Scooter,Designer
thaonp84,Engineering.Scooter,Designer
khuongvv,Engineering.Scooter,Designer
truongnx12,Engineering.Scooter,Manager
tanpx,Engineering.Scooter,Designer
nhatht,Engineering.Scooter,Designer
truongnx12,Engineering.Scooter,Designer
thanhtm4,Engineering.Scooter,Designer
anhp6,Engineering.Scooter,Designer
kiennt32,Engineering.Scooter,Designer
hungnq19,Engineering.Scooter,Designer
designer1,Engineering.Scooter,Designer
khanhdn4,Engineering.Scooter,Designer
anhnt100,Engineering.Scooter,Designer
duonghn1,Engineering.Scooter,Designer
vutv2,Engineering.Scooter,Designer
ngoannt13,Engineering.Scooter,Designer
anhnv44,Engineering.Scooter,Designer
lamnd15,Engineering.Scooter,Designer
baond7,Engineering.Scooter,Designer
tuanpa29,Engineering.Scooter,Designer
giangnv2,Engineering.Scooter,Designer
namph9,Engineering.Scooter,Designer
hieuvl,Engineering.Scooter,Designer
chuonglm,Engineering.Scooter,Designer
minhnq12,Engineering.Scooter,Designer
hainv21,Engineering.Scooter,Manager
luanlt3,Engineering.Scooter,Designer
tiennv20,Engineering.Scooter,Designer
dipteshd,Engineering.Scooter,Designer
nguyenmv2,Engineering.Scooter,Designer
toannv16,Engineering.Scooter,Designer
kync1,Engineering.Scooter,Designer
huyvx,Engineering.Scooter,Designer
tutv6,Engineering.Scooter,Designer
bichht2,Engineering.Scooter,Designer
tiepnv5,Engineering.Scooter,Manager
khanhnv16,Engineering.Scooter,Designer
khanhnv18,Engineering.Scooter,Designer
thanhpt40,Engineering.Scooter,Designer
nhannt49,Engineering.Scooter,Designer
minhnb2,Engineering.Scooter,Designer
truonglx2,Engineering.Scooter,Designer
tutx1,Engineering.Scooter,Designer
linhbt9,Engineering.Scooter,Designer
itvalidation,Engineering.Scooter,Designer
linhnl,Engineering.Scooter,Manager
systemadmin,Engineering.Scooter,Executive
shahrilnizams,Engineering.Scooter,Designer
chientt3,Engineering.Scooter,Engineer
tuanlc1,Engineering.Scooter,Engineer
admin.thanh,Engineering.Scooter,Designer
hungbd5,Engineering.Scooter,Designer
luanlt3,Engineering.Scooter,Manager
vf.head.em,Engineering.Scooter,Executive
quynhdv,Engineering.Scooter,Designer
quannh14,Engineering.Scooter,Designer
thangpd5,Engineering.Scooter,Designer
tienvm,Engineering.Scooter,Designer
tamlh3,Engineering.Scooter,Designer
hainv21,Engineering.Scooter,Designer
hiendv3,Engineering.Scooter,Designer
dieplh,Engineering.Scooter,Manager
tungtc4,Engineering.Scooter,Designer
dunglm3,Engineering.Scooter,Designer
jasontj,Engineering.Scooter,Designer
dungvd5,Engineering.Scooter,Designer
thanhdv16,Engineering.Scooter,Designer
binhbd1,Engineering.Scooter,Designer
doannx,Engineering.Scooter,Designer
tuongnm3,Engineering.Scooter,Designer
huynv17,Engineering.Scooter,Designer
tungnk1,Engineering.Scooter,Designer
haudk2,Engineering.Scooter,Designer
datnt37,Engineering.Scooter,Designer
chavanss,Engineering.Scooter,Designer
taint17,Engineering.Scooter,Designer
sangnv5,Engineering.Scooter,Designer
trongdv,Engineering.Scooter,Designer
thangla,Engineering.Scooter,Designer
vf.dir.eed1,Engineering.Scooter,Manager
dungpd2,Engineering.Scooter,Designer
bachlv,Engineering.Scooter,Designer
khaitn1,Engineering.Scooter,Manager
binhhd2,Engineering.Scooter,Designer
khanhld4,Engineering.Scooter,Designer
tanva2,Engineering.Scooter,Designer
tungnv15,Engineering.Scooter,Designer
haodt6,Engineering.Scooter,Designer
datnt85,Engineering.Scooter,Designer
hanlvn1,Engineering.Scooter,Designer
plmadmin2,Engineering.Scooter,Engineer
phuongnt158,Engineering.Scooter,Designer
hoanh11,Engineering.Scooter,Designer
cuongvm5,Engineering.Scooter,Designer
hiennv22,Engineering.Scooter,Designer
longnb5,Engineering.Scooter,Designer
gaivt2,Engineering.Scooter,Engineer
admin.xuan,Engineering.Scooter,Executive
cuongtd11,Engineering.Scooter,Designer
longpt9,Engineering.Scooter,Designer
plmadmin1,Engineering.Scooter,Designer
bacdv6,Engineering.Scooter,Designer
duanhh,Engineering.Scooter,Designer
kunw,Engineering.Scooter,Manager
vf.dir.bp2,Engineering.Scooter,Manager
vf.head.eed,Engineering.Scooter,Executive
nguyentq1,Engineering.Scooter,Designer
khango,Engineering.Scooter,Designer
cuonglh4,Engineering.Scooter,Designer
ducdv5,Engineering.Scooter,Designer
sangkt1,Engineering.Scooter,Designer
hantt94,Engineering.Scooter,Designer
vf.dir.eed1,Engineering.Scooter,Designer
cuongtn5,Engineering.Scooter,Designer
hiennh3,Engineering.Scooter,Designer
haonh4,Engineering.Scooter,Designer
toandm,Engineering.Scooter,Designer
yogeshk,Engineering.Scooter,Designer
doanlq,Engineering.Scooter,Designer
hungnv60,Engineering.Scooter,Designer
duylb1,Engineering.Scooter,Designer
thuanlx,Engineering.Scooter,Designer
namdt9,Engineering.Scooter,Manager
nghiath2,Engineering.Scooter,Designer
rahulk,Engineering.Scooter,Designer
huydc,Engineering.Scooter,Designer
thangnd34,Engineering.Scooter,Designer
thangpd5,Engineering.Scooter,Manager
anhnh50,Engineering.Scooter,Manager
minhnd12,Engineering.Scooter,Designer
phucnh17,Engineering.Scooter,Designer
daihd,Engineering.Scooter,Designer
nammt,Engineering.Scooter,Designer
lampn1,Engineering.Scooter,Designer
tuanpa28,Engineering.Scooter,Designer
quynd8,Engineering.Scooter,Designer
dinhvv4,Engineering.Scooter,Designer
toanpt2,Engineering.Scooter,Manager
hoanq7,Engineering.Scooter,Designer
manhdv2,Engineering.Scooter,Designer
duonglt30,Engineering.Scooter,Engineer
dungnt122,Engineering.Scooter,Designer
chiennl,Engineering.Scooter,Designer
admin.huy,Engineering.Scooter,Designer
quangnd15,Engineering.Scooter,Engineer
cuonglq7,Engineering.Scooter,Engineer
haitm8,Engineering.Scooter,Designer
binhmt1,Engineering.Scooter,Designer
sannh2,Engineering.Scooter,Engineer
kienpt23,Engineering.Scooter,Designer
thangnt23,Engineering.Scooter,Engineer
vinhnt18,Engineering.Scooter,Engineer
antt14,Engineering.Scooter,Designer
truongpv15,Engineering.Scooter,Engineer
huylg1,Engineering.Scooter,Designer
ngaht9,Engineering.Scooter,Manager
trungnt52,Engineering.Scooter,Designer
toanpt2,Engineering.Scooter,Designer
hungtx3,Engineering.Scooter,Designer
thuantv6,Engineering.Scooter,Designer
quanpm7,Engineering.Scooter,Designer
