"anhbt25","USER_VOL3","USER_VOL5"
"anhhvn","TimesCity_in_HP5","USER_VOL5"
"anhntv68","TimesCity_in_HP5","USER_VOL5"
"anhnv44","USER_VOL3","USER_VOL5"
"anhtn33","USER_VOL3","USER_VOL5"
"aravindassv","USER_VOL3","USER_VOL5"
"aslie","USER_VOL2","USER_VOL5"
"balajis","USER_VOL5","USER_VOL5"
"balajiv2","USER_VOL3","USER_VOL5"
"baybb","USER_VOL5","USER_VOL5"
"binhnv24","USER_VOL3","USER_VOL5"
"bovd","USER_VOL5","USER_VOL5"
"camargof","USER_VOL3","USER_VOL5"
"chend","TimesCity_in_HP5","USER_VOL5"
"chengguoz","USER_VOL5","USER_VOL5"
"chinnasamys","USER_VOL3","USER_VOL5"
"congvt6","USER_VOL3","USER_VOL5"
"cuongbd5","USER_VOL5","USER_VOL5"
"cuonglv11","USER_VOL3","USER_VOL5"
"cuongvm13","USER_VOL3","USER_VOL5"
"daipv4","USER_VOL3","USER_VOL5"
"dangdh10","TimesCity_in_HP5","USER_VOL5"
"danhn1","USER_VOL2","USER_VOL5"
"danilomn","USER_VOL3","USER_VOL5"
"datnt106","USER_VOL5","USER_VOL5"
"datnv24","USER_VOL5","USER_VOL5"
"dattq23","USER_VOL3","USER_VOL5"
"diupt1","USER_VOL3","USER_VOL5"
"dongmeix","USER_VOL3","USER_VOL5"
"ducnm47","USER_VOL3","USER_VOL5"
"ducnv66","USER_VOL3","USER_VOL5"
"ducth11","TimesCity_in_HP5","USER_VOL5"
"dunght39","USER_VOL3","USER_VOL5"
"duongpq3","USER_VOL3","USER_VOL5"
"duongpv5","USER_VOL2","USER_VOL5"
"eloym","","USER_VOL5"
"giorgiob","TimesCity_in_HP5","USER_VOL5"
"gokulj","TimesCity_in_HP5","USER_VOL5"
"guilhermeam","USER_VOL3","USER_VOL5"
"hangttt53","TimesCity_in_HP5","USER_VOL5"
"hanhnth24","TimesCity_in_HP5","USER_VOL5"
"hant198","TimesCity_in_HP5","USER_VOL5"
"hassenef","TimesCity_in_HP5","USER_VOL5"
"hieumv1","USER_VOL3","USER_VOL5"
"hieunh8","USER_VOL3","USER_VOL5"
"hieunt101","USER_VOL5","USER_VOL5"
"hoandc1","USER_VOL5","USER_VOL5"
"hoangvv6","TimesCity_in_HP5","USER_VOL5"
"hoath9","USER_VOL3","USER_VOL5"
"huent85","USER_VOL3","USER_VOL5"
"hungdm14","USER_VOL3","USER_VOL5"
"hunghh7","TimesCity_in_HP5","USER_VOL5"
"hunghv27","USER_VOL5","USER_VOL5"
"hunglm27","TimesCity_in_HP5","USER_VOL5"
"hunglv15","USER_VOL3","USER_VOL5"
"hungtd32","TimesCity_in_HP5","USER_VOL5"
"huyenpt69","USER_VOL2","USER_VOL5"
"huyld7","TimesCity_in_HP5","USER_VOL5"
"jaykumarp","USER_VOL2","USER_VOL5"
"khaipx","USER_VOL3","USER_VOL5"
"khanhdv2","USER_VOL3","USER_VOL5"
"kiendv2","USER_VOL5","USER_VOL5"
"kiennt32","USER_VOL3","USER_VOL5"
"kienpt22","USER_VOL5","USER_VOL5"
"konstantinl","USER_VOL3","USER_VOL5"
"krishnamoorthyr","USER_VOL2","USER_VOL5"
"kumara","USER_VOL3","USER_VOL5"
"kumarn","TimesCity_in_HP3","USER_VOL5"
"lamdv3","USER_VOL3","USER_VOL5"
"lamptn","USER_VOL3","USER_VOL5"
"leej","USER_VOL3","USER_VOL5"
"lent26","TimesCity_in_HP5","USER_VOL5"
"linhgk","TimesCity_in_HP5","USER_VOL5"
"linhlv15","USER_VOL5","USER_VOL5"
"linhvt14","USER_VOL3","USER_VOL5"
"luudn","USER_VOL3","USER_VOL5"
"luunx","USER_VOL5","USER_VOL5"
"macedomg","USER_VOL3","USER_VOL5"
"manjunathbv","TimesCity_in_HP5","USER_VOL5"
"muhammadesb","TimesCity_in_HP5","USER_VOL5"
"mynth20","USER_VOL3","USER_VOL5"
"nagamanik","USER_VOL3","USER_VOL5"
"ngocnv24","TimesCity_in_HP5","USER_VOL5"
"nhatnd1","USER_VOL2","USER_VOL5"
"okang","USER_VOL5","USER_VOL5"
"paimanmarb","USER_VOL2","USER_VOL5"
"phongdq","USER_VOL3","USER_VOL5"
"phubd2","TimesCity_in_HP5","USER_VOL5"
"phucvd1","USER_VOL3","USER_VOL5"
"plm.bs_me","USER_VOL3","USER_VOL5"
"plm.casting_me","USER_VOL3","USER_VOL5"
"plm.ga_eng5","USER_VOL5","USER_VOL5"
"plm.ga_eol_me","USER_VOL5","USER_VOL5"
"plm.ga_qeee","USER_VOL5","USER_VOL5"
"plm.int_me","USER_VOL2","USER_VOL5"
"plm.ps","USER_VOL5","USER_VOL5"
"pn.betak","TimesCity_in_HP5","USER_VOL5"
"pn.deepthia","USER_VOL3","USER_VOL5"
"pn.gopaln1","USER_VOL3","USER_VOL5"
"pn.karthick","USER_VOL3","USER_VOL5"
"pn.karthikc","TimesCity_in_HP5","USER_VOL5"
"pn.linhbq","USER_VOL5","USER_VOL5"
"pn.manojss","USER_VOL3","USER_VOL5"
"pn.nambh","TimesCity_in_HP5","USER_VOL5"
"pn.nishantr","USER_VOL3","USER_VOL5"
"pn.santoshk","TimesCity_in_HP5","USER_VOL5"
"pn.sureshg3","USER_VOL3","USER_VOL5"
"pn.trongcn","USER_VOL3","USER_VOL5"
"quangtv11","TimesCity_in_HP5","USER_VOL5"
"quanna14","TimesCity_in_HP5","USER_VOL5"
"quannd24","TimesCity_in_HP5","USER_VOL5"
