anhtt144,28000_10.128.11.176_gblic,Consumer
annh26,Default Local License Server,Consumer
arjunpm,Default Local License Server,Consumer
ashishshukla,28000_10.100.17.58_VESprdlic,Consumer
baybb,28000_10.100.17.58_VESprdlic,Consumer
chenhx,28000_10.128.11.176_gblic,Consumer
chinhphp,28000_10.128.11.176_gblic,Consumer
chutipons,Default Local License Server,Consumer
congdc3,Default Local License Server,Consumer
congtt3,Default Local License Server,Consumer
cuongbd5,28000_10.128.11.176_gblic,Consumer
cuongbt3,28000_10.100.17.58_VESprdlic,Consumer
cuongnm66,28000_10.128.11.176_gblic,Consumer
cuongvd4,28000_10.128.11.176_gblic,Consumer
datnt104,Default Local License Server,Consumer
deepakvp,Default Local License Server,Consumer
dongmeix,Default Local License Server,Consumer
ducvt6,28000_10.128.11.176_gblic,Consumer
dungpd2,Default Local License Server,Consumer
erict,28000_10.128.11.176_gblic,Consumer
hauts3,28000_10.128.11.176_gblic,Consumer
hieumv1,Default Local License Server,Consumer
hieunv46,Default Local License Server,Consumer
hieutd3,Default Local License Server,Consumer
hoangdv10,28000_10.100.17.58_VESprdlic,Consumer
hoangnb,Default Local License Server,Consumer
hoannc4,Default Local License Server,Consumer
hunghv27,Default Local License Server,Consumer
hunglm12,28000_10.128.11.176_gblic,Consumer
hungnm72,Default Local License Server,Consumer
hungnm79,28000_10.128.11.176_gblic,Consumer
jackyc,Default Local License Server,Consumer
josemy,28000_10.128.11.176_gblic,Consumer
junzhouy,Default Local License Server,Consumer
kienpt22,Default Local License Server,Consumer
liangc,Default Local License Server,Consumer
longnv52,Default Local License Server,Consumer
longvh3,Default Local License Server,Consumer
luunx,28000_10.128.11.176_gblic,Consumer
madanpsp,Default Local License Server,Consumer
maheshdd,Default Local License Server,Consumer
marciokacc,28000_10.128.11.176_gblic,Consumer
minhnd23,Default Local License Server,Consumer
muhamadts,Default Local License Server,Consumer
nammt,Default Local License Server,Consumer
ngocptt5,28000_10.128.11.176_gblic,Consumer
nhatdn,Default Local License Server,Consumer
okang,28000_10.128.11.176_gblic,Consumer
phongtv7,Default Local License Server,Consumer
plm.ga_qeee,28000_10.128.11.176_gblic,Consumer
salunkhesa,28000_10.128.11.176_gblic,Consumer
sangnm4,28000_10.128.11.176_gblic,Consumer
sanjaym,Default Local License Server,Consumer
sathishj,28000_10.128.11.176_gblic,Consumer
seokbeoms,Default Local License Server,Consumer
tamnd10,Default Local License Server,Consumer
tannv32,Default Local License Server,Consumer
thangvq2,Default Local License Server,Consumer
thanhdh5,Default Local License Server,Consumer
trungnx9,Default Local License Server,Consumer
truongnx35,28000_10.128.11.176_gblic,Consumer
tuanla37,Default Local License Server,Consumer
tuanla44,28000_10.128.11.176_gblic,Consumer
tuanpv17,Default Local License Server,Consumer
tuantm31,Default Local License Server,Consumer
tunght26,Default Local License Server,Consumer
vietth5,Default Local License Server,Consumer
vunlt2,Default Local License Server,Consumer
xingy,28000_10.128.11.176_gblic,Consumer
yunh,28000_10.128.11.176_gblic,Consumer
zaijunl,28000_10.128.11.176_gblic,Consumer
thanhnt202,Default Local License Server,Consumer
hainc6,Default Local License Server,Consumer
bienld5,Default Local License Server,Consumer
truongmx1,Default Local License Server,Consumer
hangqtt2,Default Local License Server,Consumer
phuongnh34,Default Local License Server,Consumer
trangpt33,Default Local License Server,Consumer
quocnm3,Default Local License Server,Consumer
giangtp,Default Local License Server,Consumer
anhvd13,Default Local License Server,Consumer
vandtt14,Default Local License Server,Consumer
thanhpc7,Default Local License Server,Consumer
anhnv127,Default Local License Server,Consumer
cuongvm13,Default Local License Server,Consumer
thuydt104,Default Local License Server,Consumer
sathyakms,Default Local License Server,Consumer
camargof,Default Local License Server,Consumer
anhtt144,Default Local License Server,Consumer
thanhvk2,Default Local License Server,Consumer
maibd,Default Local License Server,Consumer
quynhtt30,Default Local License Server,Consumer
ramesht,Default Local License Server,Consumer
hauts3,Default Local License Server,Consumer
congdc3,Default Local License Server,Consumer
cuongbd5,Default Local License Server,Consumer
hieulm5,Default Local License Server,Consumer
baybb,Default Local License Server,Consumer
hunghv27,Default Local License Server,Consumer
kienpt22,Default Local License Server,Consumer
hungnm79,Default Local License Server,Consumer
quynhtn11,Default Local License Server,Consumer
haivv2,Default Local License Server,Consumer
khiemld,Default Local License Server,Consumer
phuongnh49,Default Local License Server,Consumer
thanhdnh,Default Local License Server,Consumer
thinhvd3,Default Local License Server,Consumer
hanhnv14,Default Local License Server,Consumer
datns2,Default Local License Server,Consumer
sucnv,Default Local License Server,Consumer
tuanpq5,Default Local License Server,Consumer
datlt35,Default Local License Server,Consumer
anhnv101,Default Local License Server,Consumer
dangna,Default Local License Server,Consumer