make_user %TC_DM% -update -user="thenh" -status=0
make_user %TC_DM% -update -user="namkx" -status=0
make_user %TC_DM% -update -user="hiendt70" -status=0
make_user %TC_DM% -update -user="tuanld9" -status=0
make_user %TC_DM% -update -user="duylk1" -status=0
make_user %TC_DM% -update -user="quangna4" -status=0
make_user %TC_DM% -update -user="thilv3" -status=0
make_user %TC_DM% -update -user="sondt22" -status=0
make_user %TC_DM% -update -user="manhld7" -status=0
make_user %TC_DM% -update -user="pn.tungnh" -status=0
make_user %TC_DM% -update -user="georgevladd" -status=0
make_user %TC_DM% -update -user="pn.thangct" -status=0
make_user %TC_DM% -update -user="thanhnt223" -status=0
make_user %TC_DM% -update -user="huongdt129" -status=0
make_user %TC_DM% -update -user="duchtn" -status=0
make_user %TC_DM% -update -user="trongpq" -status=0
make_user %TC_DM% -update -user="nhantt28" -status=0
make_user %TC_DM% -update -user="trilokpa" -status=0
make_user %TC_DM% -update -user="binhlp1" -status=0
make_user %TC_DM% -update -user="thanhdd20" -status=0
make_user %TC_DM% -update -user="sinq2" -status=0
make_user %TC_DM% -update -user="sangtv4" -status=0
make_user %TC_DM% -update -user="tanlt10" -status=0
make_user %TC_DM% -update -user="trungnv23" -status=0
make_user %TC_DM% -update -user="haind40" -status=0
make_user %TC_DM% -update -user="ducnq7" -status=0
make_user %TC_DM% -update -user="tuandc3" -status=0
make_user %TC_DM% -update -user="duongtc1" -status=0
make_user %TC_DM% -update -user="hungtx3" -status=0
make_user %TC_DM% -update -user="annvt1" -status=0
make_user %TC_DM% -update -user="quangnn25" -status=0
make_user %TC_DM% -update -user="ducta3" -status=0
make_user %TC_DM% -update -user="khanhdd10" -status=0
make_user %TC_DM% -update -user="khanhnt34" -status=0
make_user %TC_DM% -update -user="minhlh8" -status=0
make_user %TC_DM% -update -user="duyvh3" -status=0
make_user %TC_DM% -update -user="toapk" -status=0
make_user %TC_DM% -update -user="tuyenttk5" -status=0
make_user %TC_DM% -update -user="anhntm22" -status=0
make_user %TC_DM% -update -user="sivakumara1" -status=0
make_user %TC_DM% -update -user="sumitt" -status=0
make_user %TC_DM% -update -user="marysjg" -status=0
make_user %TC_DM% -update -user="anhnh119" -status=0
make_user %TC_DM% -update -user="cuongpa1" -status=0
make_user %TC_DM% -update -user="anhnv136" -status=0
make_user %TC_DM% -update -user="daihd3" -status=0
make_user %TC_DM% -update -user="cuongnv80" -status=0
make_user %TC_DM% -update -user="chandrakantc" -status=0
make_user %TC_DM% -update -user="thoct4" -status=0
make_user %TC_DM% -update -user="nhannt79" -status=0