make_user %TC_DM% -update -user="anhbt25" -defaultvolume="USER_VOL3" -defaultlocalvolume="USER_VOL5"
make_user %TC_DM% -update -user="anhhvn" -defaultvolume="TimesCity_in_HP5" -defaultlocalvolume="USER_VOL5"
make_user %TC_DM% -update -user="anhntv68" -defaultvolume="TimesCity_in_HP5" -defaultlocalvolume="USER_VOL5"
make_user %TC_DM% -update -user="anhnv44" -defaultvolume="USER_VOL3" -defaultlocalvolume="USER_VOL5"
make_user %TC_DM% -update -user="anhtn33" -defaultvolume="USER_VOL3" -defaultlocalvolume="USER_VOL5"
make_user %TC_DM% -update -user="aravindassv" -defaultvolume="USER_VOL3" -defaultlocalvolume="USER_VOL5"
make_user %TC_DM% -update -user="aslie" -defaultvolume="USER_VOL2" -defaultlocalvolume="USER_VOL5"
make_user %TC_DM% -update -user="balajis" -defaultvolume="USER_VOL5" -defaultlocalvolume="USER_VOL5"
make_user %TC_DM% -update -user="balajiv2" -defaultvolume="USER_VOL3" -defaultlocalvolume="USER_VOL5"
make_user %TC_DM% -update -user="baybb" -defaultvolume="USER_VOL5" -defaultlocalvolume="USER_VOL5"
make_user %TC_DM% -update -user="binhnv24" -defaultvolume="USER_VOL3" -defaultlocalvolume="USER_VOL5"
make_user %TC_DM% -update -user="bovd" -defaultvolume="USER_VOL5" -defaultlocalvolume="USER_VOL5"
make_user %TC_DM% -update -user="camargof" -defaultvolume="USER_VOL3" -defaultlocalvolume="USER_VOL5"
make_user %TC_DM% -update -user="chend" -defaultvolume="TimesCity_in_HP5" -defaultlocalvolume="USER_VOL5"
make_user %TC_DM% -update -user="chengguoz" -defaultvolume="USER_VOL5" -defaultlocalvolume="USER_VOL5"
make_user %TC_DM% -update -user="chinnasamys" -defaultvolume="USER_VOL3" -defaultlocalvolume="USER_VOL5"
make_user %TC_DM% -update -user="congvt6" -defaultvolume="USER_VOL3" -defaultlocalvolume="USER_VOL5"
make_user %TC_DM% -update -user="cuongbd5" -defaultvolume="USER_VOL5" -defaultlocalvolume="USER_VOL5"
make_user %TC_DM% -update -user="cuonglv11" -defaultvolume="USER_VOL3" -defaultlocalvolume="USER_VOL5"
make_user %TC_DM% -update -user="cuongvm13" -defaultvolume="USER_VOL3" -defaultlocalvolume="USER_VOL5"
make_user %TC_DM% -update -user="daipv4" -defaultvolume="USER_VOL3" -defaultlocalvolume="USER_VOL5"
make_user %TC_DM% -update -user="dangdh10" -defaultvolume="TimesCity_in_HP5" -defaultlocalvolume="USER_VOL5"
make_user %TC_DM% -update -user="danhn1" -defaultvolume="USER_VOL2" -defaultlocalvolume="USER_VOL5"
make_user %TC_DM% -update -user="danilomn" -defaultvolume="USER_VOL3" -defaultlocalvolume="USER_VOL5"
make_user %TC_DM% -update -user="datnt106" -defaultvolume="USER_VOL5" -defaultlocalvolume="USER_VOL5"
make_user %TC_DM% -update -user="datnv24" -defaultvolume="USER_VOL5" -defaultlocalvolume="USER_VOL5"
make_user %TC_DM% -update -user="dattq23" -defaultvolume="USER_VOL3" -defaultlocalvolume="USER_VOL5"
make_user %TC_DM% -update -user="diupt1" -defaultvolume="USER_VOL3" -defaultlocalvolume="USER_VOL5"
make_user %TC_DM% -update -user="dongmeix" -defaultvolume="USER_VOL3" -defaultlocalvolume="USER_VOL5"
make_user %TC_DM% -update -user="ducnm47" -defaultvolume="USER_VOL3" -defaultlocalvolume="USER_VOL5"
make_user %TC_DM% -update -user="ducnv66" -defaultvolume="USER_VOL3" -defaultlocalvolume="USER_VOL5"
make_user %TC_DM% -update -user="ducth11" -defaultvolume="TimesCity_in_HP5" -defaultlocalvolume="USER_VOL5"
make_user %TC_DM% -update -user="dunght39" -defaultvolume="USER_VOL3" -defaultlocalvolume="USER_VOL5"
make_user %TC_DM% -update -user="duongpq3" -defaultvolume="USER_VOL3" -defaultlocalvolume="USER_VOL5"
make_user %TC_DM% -update -user="duongpv5" -defaultvolume="USER_VOL2" -defaultlocalvolume="USER_VOL5"
make_user %TC_DM% -update -user="eloym" -defaultvolume="" -defaultlocalvolume="USER_VOL5"
make_user %TC_DM% -update -user="giorgiob" -defaultvolume="TimesCity_in_HP5" -defaultlocalvolume="USER_VOL5"
make_user %TC_DM% -update -user="gokulj" -defaultvolume="TimesCity_in_HP5" -defaultlocalvolume="USER_VOL5"
make_user %TC_DM% -update -user="guilhermeam" -defaultvolume="USER_VOL3" -defaultlocalvolume="USER_VOL5"
make_user %TC_DM% -update -user="hangttt53" -defaultvolume="TimesCity_in_HP5" -defaultlocalvolume="USER_VOL5"
make_user %TC_DM% -update -user="hanhnth24" -defaultvolume="TimesCity_in_HP5" -defaultlocalvolume="USER_VOL5"
make_user %TC_DM% -update -user="hant198" -defaultvolume="TimesCity_in_HP5" -defaultlocalvolume="USER_VOL5"
make_user %TC_DM% -update -user="hassenef" -defaultvolume="TimesCity_in_HP5" -defaultlocalvolume="USER_VOL5"
make_user %TC_DM% -update -user="hieumv1" -defaultvolume="USER_VOL3" -defaultlocalvolume="USER_VOL5"
make_user %TC_DM% -update -user="hieunh8" -defaultvolume="USER_VOL3" -defaultlocalvolume="USER_VOL5"
make_user %TC_DM% -update -user="hieunt101" -defaultvolume="USER_VOL5" -defaultlocalvolume="USER_VOL5"
make_user %TC_DM% -update -user="hoandc1" -defaultvolume="USER_VOL5" -defaultlocalvolume="USER_VOL5"
make_user %TC_DM% -update -user="hoangvv6" -defaultvolume="TimesCity_in_HP5" -defaultlocalvolume="USER_VOL5"
make_user %TC_DM% -update -user="hoath9" -defaultvolume="USER_VOL3" -defaultlocalvolume="USER_VOL5"
make_user %TC_DM% -update -user="huent85" -defaultvolume="USER_VOL3" -defaultlocalvolume="USER_VOL5"
make_user %TC_DM% -update -user="hungdm14" -defaultvolume="USER_VOL3" -defaultlocalvolume="USER_VOL5"
make_user %TC_DM% -update -user="hunghh7" -defaultvolume="TimesCity_in_HP5" -defaultlocalvolume="USER_VOL5"
make_user %TC_DM% -update -user="hunghv27" -defaultvolume="USER_VOL5" -defaultlocalvolume="USER_VOL5"
make_user %TC_DM% -update -user="hunglm27" -defaultvolume="TimesCity_in_HP5" -defaultlocalvolume="USER_VOL5"
make_user %TC_DM% -update -user="hunglv15" -defaultvolume="USER_VOL3" -defaultlocalvolume="USER_VOL5"
make_user %TC_DM% -update -user="hungtd32" -defaultvolume="TimesCity_in_HP5" -defaultlocalvolume="USER_VOL5"
make_user %TC_DM% -update -user="huyenpt69" -defaultvolume="USER_VOL2" -defaultlocalvolume="USER_VOL5"
make_user %TC_DM% -update -user="huyld7" -defaultvolume="TimesCity_in_HP5" -defaultlocalvolume="USER_VOL5"
make_user %TC_DM% -update -user="jaykumarp" -defaultvolume="USER_VOL2" -defaultlocalvolume="USER_VOL5"
make_user %TC_DM% -update -user="khaipx" -defaultvolume="USER_VOL3" -defaultlocalvolume="USER_VOL5"
make_user %TC_DM% -update -user="khanhdv2" -defaultvolume="USER_VOL3" -defaultlocalvolume="USER_VOL5"
make_user %TC_DM% -update -user="kiendv2" -defaultvolume="USER_VOL5" -defaultlocalvolume="USER_VOL5"
make_user %TC_DM% -update -user="kiennt32" -defaultvolume="USER_VOL3" -defaultlocalvolume="USER_VOL5"
make_user %TC_DM% -update -user="kienpt22" -defaultvolume="USER_VOL5" -defaultlocalvolume="USER_VOL5"
make_user %TC_DM% -update -user="konstantinl" -defaultvolume="USER_VOL3" -defaultlocalvolume="USER_VOL5"
make_user %TC_DM% -update -user="krishnamoorthyr" -defaultvolume="USER_VOL2" -defaultlocalvolume="USER_VOL5"
make_user %TC_DM% -update -user="kumara" -defaultvolume="USER_VOL3" -defaultlocalvolume="USER_VOL5"
make_user %TC_DM% -update -user="kumarn" -defaultvolume="TimesCity_in_HP3" -defaultlocalvolume="USER_VOL5"
make_user %TC_DM% -update -user="lamdv3" -defaultvolume="USER_VOL3" -defaultlocalvolume="USER_VOL5"
make_user %TC_DM% -update -user="lamptn" -defaultvolume="USER_VOL3" -defaultlocalvolume="USER_VOL5"
make_user %TC_DM% -update -user="leej" -defaultvolume="USER_VOL3" -defaultlocalvolume="USER_VOL5"
make_user %TC_DM% -update -user="lent26" -defaultvolume="TimesCity_in_HP5" -defaultlocalvolume="USER_VOL5"
make_user %TC_DM% -update -user="linhgk" -defaultvolume="TimesCity_in_HP5" -defaultlocalvolume="USER_VOL5"
make_user %TC_DM% -update -user="linhlv15" -defaultvolume="USER_VOL5" -defaultlocalvolume="USER_VOL5"
make_user %TC_DM% -update -user="linhvt14" -defaultvolume="USER_VOL3" -defaultlocalvolume="USER_VOL5"
make_user %TC_DM% -update -user="luudn" -defaultvolume="USER_VOL3" -defaultlocalvolume="USER_VOL5"
make_user %TC_DM% -update -user="luunx" -defaultvolume="USER_VOL5" -defaultlocalvolume="USER_VOL5"
make_user %TC_DM% -update -user="macedomg" -defaultvolume="USER_VOL3" -defaultlocalvolume="USER_VOL5"
make_user %TC_DM% -update -user="manjunathbv" -defaultvolume="TimesCity_in_HP5" -defaultlocalvolume="USER_VOL5"
make_user %TC_DM% -update -user="muhammadesb" -defaultvolume="TimesCity_in_HP5" -defaultlocalvolume="USER_VOL5"
make_user %TC_DM% -update -user="mynth20" -defaultvolume="USER_VOL3" -defaultlocalvolume="USER_VOL5"
make_user %TC_DM% -update -user="nagamanik" -defaultvolume="USER_VOL3" -defaultlocalvolume="USER_VOL5"
make_user %TC_DM% -update -user="ngocnv24" -defaultvolume="TimesCity_in_HP5" -defaultlocalvolume="USER_VOL5"
make_user %TC_DM% -update -user="nhatnd1" -defaultvolume="USER_VOL2" -defaultlocalvolume="USER_VOL5"
make_user %TC_DM% -update -user="okang" -defaultvolume="USER_VOL5" -defaultlocalvolume="USER_VOL5"
make_user %TC_DM% -update -user="paimanmarb" -defaultvolume="USER_VOL2" -defaultlocalvolume="USER_VOL5"
make_user %TC_DM% -update -user="phongdq" -defaultvolume="USER_VOL3" -defaultlocalvolume="USER_VOL5"
make_user %TC_DM% -update -user="phubd2" -defaultvolume="TimesCity_in_HP5" -defaultlocalvolume="USER_VOL5"
make_user %TC_DM% -update -user="phucvd1" -defaultvolume="USER_VOL3" -defaultlocalvolume="USER_VOL5"
make_user %TC_DM% -update -user="plm.bs_me" -defaultvolume="USER_VOL3" -defaultlocalvolume="USER_VOL5"
make_user %TC_DM% -update -user="plm.casting_me" -defaultvolume="USER_VOL3" -defaultlocalvolume="USER_VOL5"
make_user %TC_DM% -update -user="plm.ga_eng5" -defaultvolume="USER_VOL5" -defaultlocalvolume="USER_VOL5"
make_user %TC_DM% -update -user="plm.ga_eol_me" -defaultvolume="USER_VOL5" -defaultlocalvolume="USER_VOL5"
make_user %TC_DM% -update -user="plm.ga_qeee" -defaultvolume="USER_VOL5" -defaultlocalvolume="USER_VOL5"
make_user %TC_DM% -update -user="plm.int_me" -defaultvolume="USER_VOL2" -defaultlocalvolume="USER_VOL5"
make_user %TC_DM% -update -user="plm.ps" -defaultvolume="USER_VOL5" -defaultlocalvolume="USER_VOL5"
make_user %TC_DM% -update -user="pn.betak" -defaultvolume="TimesCity_in_HP5" -defaultlocalvolume="USER_VOL5"
make_user %TC_DM% -update -user="pn.deepthia" -defaultvolume="USER_VOL3" -defaultlocalvolume="USER_VOL5"
make_user %TC_DM% -update -user="pn.gopaln1" -defaultvolume="USER_VOL3" -defaultlocalvolume="USER_VOL5"
make_user %TC_DM% -update -user="pn.karthick" -defaultvolume="USER_VOL3" -defaultlocalvolume="USER_VOL5"
make_user %TC_DM% -update -user="pn.karthikc" -defaultvolume="TimesCity_in_HP5" -defaultlocalvolume="USER_VOL5"
make_user %TC_DM% -update -user="pn.linhbq" -defaultvolume="USER_VOL5" -defaultlocalvolume="USER_VOL5"
make_user %TC_DM% -update -user="pn.manojss" -defaultvolume="USER_VOL3" -defaultlocalvolume="USER_VOL5"
make_user %TC_DM% -update -user="pn.nambh" -defaultvolume="TimesCity_in_HP5" -defaultlocalvolume="USER_VOL5"
make_user %TC_DM% -update -user="pn.nishantr" -defaultvolume="USER_VOL3" -defaultlocalvolume="USER_VOL5"
make_user %TC_DM% -update -user="pn.santoshk" -defaultvolume="TimesCity_in_HP5" -defaultlocalvolume="USER_VOL5"
make_user %TC_DM% -update -user="pn.sureshg3" -defaultvolume="USER_VOL3" -defaultlocalvolume="USER_VOL5"
make_user %TC_DM% -update -user="pn.trongcn" -defaultvolume="USER_VOL3" -defaultlocalvolume="USER_VOL5"
make_user %TC_DM% -update -user="quangtv11" -defaultvolume="TimesCity_in_HP5" -defaultlocalvolume="USER_VOL5"
make_user %TC_DM% -update -user="quanna14" -defaultvolume="TimesCity_in_HP5" -defaultlocalvolume="USER_VOL5"
make_user %TC_DM% -update -user="quannd24" -defaultvolume="TimesCity_in_HP5" -defaultlocalvolume="USER_VOL5"
