make_user %TC_DM% -update -user="anhtt144" -licenseserver="28000_10.128.11.176_gblic" -licenselevel="Consumer"
make_user %TC_DM% -update -user="annh26" -licenseserver="Default Local License Server" -licenselevel="Consumer"
make_user %TC_DM% -update -user="arjunpm" -licenseserver="Default Local License Server" -licenselevel="Consumer"
make_user %TC_DM% -update -user="ashishshukla" -licenseserver="28000_10.100.17.58_VESprdlic" -licenselevel="Consumer"
make_user %TC_DM% -update -user="baybb" -licenseserver="28000_10.100.17.58_VESprdlic" -licenselevel="Consumer"
make_user %TC_DM% -update -user="chenhx" -licenseserver="28000_10.128.11.176_gblic" -licenselevel="Consumer"
make_user %TC_DM% -update -user="chinhphp" -licenseserver="28000_10.128.11.176_gblic" -licenselevel="Consumer"
make_user %TC_DM% -update -user="chutipons" -licenseserver="Default Local License Server" -licenselevel="Consumer"
make_user %TC_DM% -update -user="congdc3" -licenseserver="Default Local License Server" -licenselevel="Consumer"
make_user %TC_DM% -update -user="congtt3" -licenseserver="Default Local License Server" -licenselevel="Consumer"
make_user %TC_DM% -update -user="cuongbd5" -licenseserver="28000_10.128.11.176_gblic" -licenselevel="Consumer"
make_user %TC_DM% -update -user="cuongbt3" -licenseserver="28000_10.100.17.58_VESprdlic" -licenselevel="Consumer"
make_user %TC_DM% -update -user="cuongnm66" -licenseserver="28000_10.128.11.176_gblic" -licenselevel="Consumer"
make_user %TC_DM% -update -user="cuongvd4" -licenseserver="28000_10.128.11.176_gblic" -licenselevel="Consumer"
make_user %TC_DM% -update -user="datnt104" -licenseserver="Default Local License Server" -licenselevel="Consumer"
make_user %TC_DM% -update -user="deepakvp" -licenseserver="Default Local License Server" -licenselevel="Consumer"
make_user %TC_DM% -update -user="dongmeix" -licenseserver="Default Local License Server" -licenselevel="Consumer"
make_user %TC_DM% -update -user="ducvt6" -licenseserver="28000_10.128.11.176_gblic" -licenselevel="Consumer"
make_user %TC_DM% -update -user="dungpd2" -licenseserver="Default Local License Server" -licenselevel="Consumer"
make_user %TC_DM% -update -user="erict" -licenseserver="28000_10.128.11.176_gblic" -licenselevel="Consumer"
make_user %TC_DM% -update -user="hauts3" -licenseserver="28000_10.128.11.176_gblic" -licenselevel="Consumer"
make_user %TC_DM% -update -user="hieumv1" -licenseserver="Default Local License Server" -licenselevel="Consumer"
make_user %TC_DM% -update -user="hieunv46" -licenseserver="Default Local License Server" -licenselevel="Consumer"
make_user %TC_DM% -update -user="hieutd3" -licenseserver="Default Local License Server" -licenselevel="Consumer"
make_user %TC_DM% -update -user="hoangdv10" -licenseserver="28000_10.100.17.58_VESprdlic" -licenselevel="Consumer"
make_user %TC_DM% -update -user="hoangnb" -licenseserver="Default Local License Server" -licenselevel="Consumer"
make_user %TC_DM% -update -user="hoannc4" -licenseserver="Default Local License Server" -licenselevel="Consumer"
make_user %TC_DM% -update -user="hunghv27" -licenseserver="Default Local License Server" -licenselevel="Consumer"
make_user %TC_DM% -update -user="hunglm12" -licenseserver="28000_10.128.11.176_gblic" -licenselevel="Consumer"
make_user %TC_DM% -update -user="hungnm72" -licenseserver="Default Local License Server" -licenselevel="Consumer"
make_user %TC_DM% -update -user="hungnm79" -licenseserver="28000_10.128.11.176_gblic" -licenselevel="Consumer"
make_user %TC_DM% -update -user="jackyc" -licenseserver="Default Local License Server" -licenselevel="Consumer"
make_user %TC_DM% -update -user="josemy" -licenseserver="28000_10.128.11.176_gblic" -licenselevel="Consumer"
make_user %TC_DM% -update -user="junzhouy" -licenseserver="Default Local License Server" -licenselevel="Consumer"
make_user %TC_DM% -update -user="kienpt22" -licenseserver="Default Local License Server" -licenselevel="Consumer"
make_user %TC_DM% -update -user="liangc" -licenseserver="Default Local License Server" -licenselevel="Consumer"
make_user %TC_DM% -update -user="longnv52" -licenseserver="Default Local License Server" -licenselevel="Consumer"
make_user %TC_DM% -update -user="longvh3" -licenseserver="Default Local License Server" -licenselevel="Consumer"
make_user %TC_DM% -update -user="luunx" -licenseserver="28000_10.128.11.176_gblic" -licenselevel="Consumer"
make_user %TC_DM% -update -user="madanpsp" -licenseserver="Default Local License Server" -licenselevel="Consumer"
make_user %TC_DM% -update -user="maheshdd" -licenseserver="Default Local License Server" -licenselevel="Consumer"
make_user %TC_DM% -update -user="marciokacc" -licenseserver="28000_10.128.11.176_gblic" -licenselevel="Consumer"
make_user %TC_DM% -update -user="minhnd23" -licenseserver="Default Local License Server" -licenselevel="Consumer"
make_user %TC_DM% -update -user="muhamadts" -licenseserver="Default Local License Server" -licenselevel="Consumer"
make_user %TC_DM% -update -user="nammt" -licenseserver="Default Local License Server" -licenselevel="Consumer"
make_user %TC_DM% -update -user="ngocptt5" -licenseserver="28000_10.128.11.176_gblic" -licenselevel="Consumer"
make_user %TC_DM% -update -user="nhatdn" -licenseserver="Default Local License Server" -licenselevel="Consumer"
make_user %TC_DM% -update -user="okang" -licenseserver="28000_10.128.11.176_gblic" -licenselevel="Consumer"
make_user %TC_DM% -update -user="phongtv7" -licenseserver="Default Local License Server" -licenselevel="Consumer"
make_user %TC_DM% -update -user="plm.ga_qeee" -licenseserver="28000_10.128.11.176_gblic" -licenselevel="Consumer"
make_user %TC_DM% -update -user="salunkhesa" -licenseserver="28000_10.128.11.176_gblic" -licenselevel="Consumer"
make_user %TC_DM% -update -user="sangnm4" -licenseserver="28000_10.128.11.176_gblic" -licenselevel="Consumer"
make_user %TC_DM% -update -user="sanjaym" -licenseserver="Default Local License Server" -licenselevel="Consumer"
make_user %TC_DM% -update -user="sathishj" -licenseserver="28000_10.128.11.176_gblic" -licenselevel="Consumer"
make_user %TC_DM% -update -user="seokbeoms" -licenseserver="Default Local License Server" -licenselevel="Consumer"
make_user %TC_DM% -update -user="tamnd10" -licenseserver="Default Local License Server" -licenselevel="Consumer"
make_user %TC_DM% -update -user="tannv32" -licenseserver="Default Local License Server" -licenselevel="Consumer"
make_user %TC_DM% -update -user="thangvq2" -licenseserver="Default Local License Server" -licenselevel="Consumer"
make_user %TC_DM% -update -user="thanhdh5" -licenseserver="Default Local License Server" -licenselevel="Consumer"
make_user %TC_DM% -update -user="trungnx9" -licenseserver="Default Local License Server" -licenselevel="Consumer"
make_user %TC_DM% -update -user="truongnx35" -licenseserver="28000_10.128.11.176_gblic" -licenselevel="Consumer"
make_user %TC_DM% -update -user="tuanla37" -licenseserver="Default Local License Server" -licenselevel="Consumer"
make_user %TC_DM% -update -user="tuanla44" -licenseserver="28000_10.128.11.176_gblic" -licenselevel="Consumer"
make_user %TC_DM% -update -user="tuanpv17" -licenseserver="Default Local License Server" -licenselevel="Consumer"
make_user %TC_DM% -update -user="tuantm31" -licenseserver="Default Local License Server" -licenselevel="Consumer"
make_user %TC_DM% -update -user="tunght26" -licenseserver="Default Local License Server" -licenselevel="Consumer"
make_user %TC_DM% -update -user="vietth5" -licenseserver="Default Local License Server" -licenselevel="Consumer"
make_user %TC_DM% -update -user="vunlt2" -licenseserver="Default Local License Server" -licenselevel="Consumer"
make_user %TC_DM% -update -user="xingy" -licenseserver="28000_10.128.11.176_gblic" -licenselevel="Consumer"
make_user %TC_DM% -update -user="yunh" -licenseserver="28000_10.128.11.176_gblic" -licenselevel="Consumer"
make_user %TC_DM% -update -user="zaijunl" -licenseserver="28000_10.128.11.176_gblic" -licenselevel="Consumer"
make_user %TC_DM% -update -user="thanhnt202" -licenseserver="Default Local License Server" -licenselevel="Consumer"
make_user %TC_DM% -update -user="hainc6" -licenseserver="Default Local License Server" -licenselevel="Consumer"
make_user %TC_DM% -update -user="bienld5" -licenseserver="Default Local License Server" -licenselevel="Consumer"
make_user %TC_DM% -update -user="truongmx1" -licenseserver="Default Local License Server" -licenselevel="Consumer"
make_user %TC_DM% -update -user="hangqtt2" -licenseserver="Default Local License Server" -licenselevel="Consumer"
make_user %TC_DM% -update -user="phuongnh34" -licenseserver="Default Local License Server" -licenselevel="Consumer"
make_user %TC_DM% -update -user="trangpt33" -licenseserver="Default Local License Server" -licenselevel="Consumer"
make_user %TC_DM% -update -user="quocnm3" -licenseserver="Default Local License Server" -licenselevel="Consumer"
make_user %TC_DM% -update -user="giangtp" -licenseserver="Default Local License Server" -licenselevel="Consumer"
make_user %TC_DM% -update -user="anhvd13" -licenseserver="Default Local License Server" -licenselevel="Consumer"
make_user %TC_DM% -update -user="vandtt14" -licenseserver="Default Local License Server" -licenselevel="Consumer"
make_user %TC_DM% -update -user="thanhpc7" -licenseserver="Default Local License Server" -licenselevel="Consumer"
make_user %TC_DM% -update -user="anhnv127" -licenseserver="Default Local License Server" -licenselevel="Consumer"
make_user %TC_DM% -update -user="cuongvm13" -licenseserver="Default Local License Server" -licenselevel="Consumer"
make_user %TC_DM% -update -user="thuydt104" -licenseserver="Default Local License Server" -licenselevel="Consumer"
make_user %TC_DM% -update -user="sathyakms" -licenseserver="Default Local License Server" -licenselevel="Consumer"
make_user %TC_DM% -update -user="camargof" -licenseserver="Default Local License Server" -licenselevel="Consumer"
make_user %TC_DM% -update -user="anhtt144" -licenseserver="Default Local License Server" -licenselevel="Consumer"
make_user %TC_DM% -update -user="thanhvk2" -licenseserver="Default Local License Server" -licenselevel="Consumer"
make_user %TC_DM% -update -user="maibd" -licenseserver="Default Local License Server" -licenselevel="Consumer"
make_user %TC_DM% -update -user="quynhtt30" -licenseserver="Default Local License Server" -licenselevel="Consumer"
make_user %TC_DM% -update -user="ramesht" -licenseserver="Default Local License Server" -licenselevel="Consumer"
make_user %TC_DM% -update -user="hauts3" -licenseserver="Default Local License Server" -licenselevel="Consumer"
make_user %TC_DM% -update -user="congdc3" -licenseserver="Default Local License Server" -licenselevel="Consumer"
make_user %TC_DM% -update -user="cuongbd5" -licenseserver="Default Local License Server" -licenselevel="Consumer"
make_user %TC_DM% -update -user="hieulm5" -licenseserver="Default Local License Server" -licenselevel="Consumer"
make_user %TC_DM% -update -user="baybb" -licenseserver="Default Local License Server" -licenselevel="Consumer"
make_user %TC_DM% -update -user="hunghv27" -licenseserver="Default Local License Server" -licenselevel="Consumer"
make_user %TC_DM% -update -user="kienpt22" -licenseserver="Default Local License Server" -licenselevel="Consumer"
make_user %TC_DM% -update -user="hungnm79" -licenseserver="Default Local License Server" -licenselevel="Consumer"
make_user %TC_DM% -update -user="quynhtn11" -licenseserver="Default Local License Server" -licenselevel="Consumer"
make_user %TC_DM% -update -user="haivv2" -licenseserver="Default Local License Server" -licenselevel="Consumer"
make_user %TC_DM% -update -user="khiemld" -licenseserver="Default Local License Server" -licenselevel="Consumer"
make_user %TC_DM% -update -user="phuongnh49" -licenseserver="Default Local License Server" -licenselevel="Consumer"
make_user %TC_DM% -update -user="thanhdnh" -licenseserver="Default Local License Server" -licenselevel="Consumer"
make_user %TC_DM% -update -user="thinhvd3" -licenseserver="Default Local License Server" -licenselevel="Consumer"
make_user %TC_DM% -update -user="hanhnv14" -licenseserver="Default Local License Server" -licenselevel="Consumer"
make_user %TC_DM% -update -user="datns2" -licenseserver="Default Local License Server" -licenselevel="Consumer"
make_user %TC_DM% -update -user="sucnv" -licenseserver="Default Local License Server" -licenselevel="Consumer"
make_user %TC_DM% -update -user="tuanpq5" -licenseserver="Default Local License Server" -licenselevel="Consumer"
make_user %TC_DM% -update -user="datlt35" -licenseserver="Default Local License Server" -licenselevel="Consumer"
make_user %TC_DM% -update -user="anhnv101" -licenseserver="Default Local License Server" -licenselevel="Consumer"
make_user %TC_DM% -update -user="dangna" -licenseserver="Default Local License Server" -licenselevel="Consumer"
